matches the snapshot:
  1: |
    apiVersion: rbac.authorization.k8s.io/v1
    kind: Role
    metadata:
      name: secret-creator
      namespace: openmfp-system
    rules:
      - apiGroups:
          - ""
        resources:
          - secrets
        verbs:
          - create
  2: |
    apiVersion: rbac.authorization.k8s.io/v1
    kind: RoleBinding
    metadata:
      name: secret-creator-binding
      namespace: openmfp-system
    roleRef:
      apiGroup: rbac.authorization.k8s.io
      kind: Role
      name: secret-creator
    subjects:
      - kind: ServiceAccount
        name: keycloak-client-creation
        namespace: openmfp-system
