test default:
  1: |
    apiVersion: v1
    kind: Service
    metadata:
      name: RELEASE-NAME-test-chart
    spec:
      ports:
        - name: http
          port: 8080
          protocol: TCP
      selector:
        app: RELEASE-NAME-test-chart
      type: ClusterIP
test extras:
  1: |
    apiVersion: v1
    kind: Service
    metadata:
      name: RELEASE-NAME-test-chart
    spec:
      ports:
        - name: http
          port: 8080
          protocol: TCP
        - name: my-port
          port: 8081
          targetPort: 8081
      selector:
        app: RELEASE-NAME-test-chart
      type: ClusterIP
test service type:
  1: |
    apiVersion: v1
    kind: Service
    metadata:
      name: RELEASE-NAME-test-chart
    spec:
      ports:
        - name: http
          port: 8080
          protocol: TCP
      selector:
        app: RELEASE-NAME-test-chart
      type: NodePort
